C51 COMPILER V9.60.7.0   MAIN                                                              09/12/2026 16:13:38 PAGE 1   


C51 COMPILER V9.60.7.0, COMPILATION OF MODULE MAIN
OBJECT MODULE PLACED IN .\Objects\main.obj
COMPILER INVOKED BY: C:\Keil_v5\C51\BIN\C51.EXE main.c OPTIMIZE(8,SPEED) BROWSE DEBUG OBJECTEXTEND PRINT(.\Listings\main
                    -.lst) TABS(2) OBJECT(.\Objects\main.obj)

line level    source

   1          /* main.c */
   2          
   3          #include <reg52.h>
   4          
   5          #define DIGIT_COUNT 8
   6          
   7          sbit VF_ON = P0^0;
   8          sbit VF_OK = P0^1;
   9          sbit VGP_ON = P0^2;
  10          
  11          volatile unsigned char gate = 0;
  12          unsigned char display_buffer[DIGIT_COUNT] = {0};
  13          code unsigned short font_table[95] = {
  14            0x0000, // space
  15            0x0000, // ! 
  16            0x0000, // " 
  17            0x0000, // # 
  18            0x0000, // $ 
  19            0x0000, // % 
  20            0x0000, // & 
  21            0x0000, // ' 
  22            0x0000, // ( 
  23            0x0000, // ) 
  24            0x0000, // * 
  25            0x0000, // + 
  26            0x0000, // , 
  27            0x0000, // - 
  28            0x0000, // . 
  29            0x0000, // slash
  30            0x0000, // 0 
  31            0x0000, // 1 
  32            0x0000, // 2 
  33            0x0000, // 3 
  34            0x0000, // 4 
  35            0x0000, // 5 
  36            0x0000, // 6 
  37            0x0000, // 7 
  38            0x0000, // 8 
  39            0x0000, // 9 
  40            0x0000, // : 
  41            0x0000, // ; 
  42            0x0000, // < 
  43            0x0000, // = 
  44            0x0000, // > 
  45            0x0000, // ? 
  46            0x0000, // @ 
  47            0x0000, // A 
  48            0x0000, // B 
  49            0x0000, // C 
  50            0x0000, // D 
  51            0x0000, // E 
  52            0x0000, // F 
  53            0x0000, // G 
  54            0x0000, // H 
C51 COMPILER V9.60.7.0   MAIN                                                              09/12/2026 16:13:38 PAGE 2   

  55            0x0000, // I 
  56            0x0000, // J 
  57            0x0000, // K 
  58            0x0000, // L 
  59            0x0000, // M 
  60            0x0000, // N 
  61            0x0000, // O 
  62            0x0000, // P 
  63            0x0000, // Q 
  64            0x0000, // R 
  65            0x0000, // S 
  66            0x0000, // T 
  67            0x0000, // U 
  68            0x0000, // V 
  69            0x0000, // W 
  70            0x0000, // X 
  71            0x0000, // Y 
  72            0x0000, // Z 
  73            0x0000, // [ 
  74            0x0000, // backslash
  75            0x0000, // ] 
  76            0x0000, // ^ 
  77            0x0000, // _ 
  78            0x0000, // ` 
  79            0x0000, // a 
  80            0x0000, // b 
  81            0x0000, // c 
  82            0x0000, // d 
  83            0x0000, // e 
  84            0x0000, // f 
  85            0x0000, // g 
  86            0x0000, // h 
  87            0x0000, // i 
  88            0x0000, // j 
  89            0x0000, // k 
  90            0x0000, // l 
  91            0x0000, // m 
  92            0x0000, // n 
  93            0x0000, // o 
  94            0x0000, // p 
  95            0x0000, // q 
  96            0x0000, // r 
  97            0x0000, // s 
  98            0x0000, // t 
  99            0x0000, // u 
 100            0x0000, // v 
 101            0x0000, // w 
 102            0x0000, // x 
 103            0x0000, // y 
 104            0x0000, // z 
 105            0x0000, // { 
 106            0x0000, // | 
 107            0x0000, // } 
 108            0x0000, // ~ 
 109          };
 110          
 111          void timer1_init(void)
 112          {
 113   1        TMOD &= 0x0F;
 114   1        TMOD |= 0x20;
 115   1        TH1 = 0x00;
 116   1        TL1 = 0x00;
C51 COMPILER V9.60.7.0   MAIN                                                              09/12/2026 16:13:38 PAGE 3   

 117   1        ET1 = 1;
 118   1        EA  = 1;
 119   1        TR1 = 1;
 120   1      }
 121          
 122          void timer1_isr(void) interrupt 3
 123          {
 124   1        if (VF_OK) {
 125   2            VGP_ON = 1;
 126   2            P1 = 0x00;
 127   2            P3 = (char)(font_table[display_buffer[gate]] >> 8);
 128   2            P2 = (char)font_table[display_buffer[gate]];
 129   2            P1 = (unsigned char)0x01 << gate;
 130   2            gate = (gate + 1) % DIGIT_COUNT;
 131   2          } else
 132   1            VGP_ON = 0;
 133   1      }
 134          
 135          void main(void)
 136          {
 137   1        P0 = 0x00;
 138   1        P1 = 0x00;
 139   1        P2 = 0x00;
 140   1        P3 = 0x00;
 141   1        VF_OK = 1;
 142   1        timer1_init();
 143   1        VF_ON = 1;
 144   1        while (1);
 145   1      }


MODULE INFORMATION:   STATIC OVERLAYABLE
   CODE SIZE        =    143    ----
   CONSTANT SIZE    =    190    ----
   XDATA SIZE       =   ----    ----
   PDATA SIZE       =   ----    ----
   DATA SIZE        =      9    ----
   IDATA SIZE       =   ----    ----
   BIT SIZE         =   ----    ----
END OF MODULE INFORMATION.


C51 COMPILATION COMPLETE.  0 WARNING(S),  0 ERROR(S)
