BL51 BANKED LINKER/LOCATER V6.22.4.0                                                    09/12/2026  17:52:57  PAGE 1


BL51 BANKED LINKER/LOCATER V6.22.4.0, INVOKED BY:
C:\KEIL_V5\C51\BIN\BL51.EXE .\Objects\STARTUP.obj, .\Objects\main.obj TO .\Objects\vfd-test-firmware PRINT (.\Listings\v
>> fd-test-firmware.m51) RAMSIZE (256)


MEMORY MODEL: SMALL


INPUT MODULES INCLUDED:
  .\Objects\STARTUP.obj (?C_STARTUP)
  .\Objects\main.obj (MAIN)
  C:\KEIL_V5\C51\LIB\C51S.LIB (?C_INIT)


LINK MAP OF MODULE:  .\Objects\vfd-test-firmware (?C_STARTUP)


            TYPE    BASE      LENGTH    RELOCATION   SEGMENT NAME
            -----------------------------------------------------

            * * * * * * *   D A T A   M E M O R Y   * * * * * * *
            REG     0000H     0008H     ABSOLUTE     "REG BANK 0"
            DATA    0008H     0009H     UNIT         ?DT?MAIN
            DATA    0011H     0003H     UNIT         _DATA_GROUP_
            IDATA   0014H     0001H     UNIT         ?STACK

            * * * * * * *   C O D E   M E M O R Y   * * * * * * *
            CODE    0000H     0003H     ABSOLUTE     
                    0003H     0018H                  *** GAP ***
            CODE    001BH     0003H     ABSOLUTE     
                    001EH     07E2H                  *** GAP ***
            CODE    0800H     00BEH     UNIT         ?CO?MAIN
            CODE    08BEH     008CH     UNIT         ?C_C51STARTUP
            CODE    094AH     007EH     UNIT         ?PR?TIMER1_ISR?MAIN
            CODE    09C8H     0012H     UNIT         ?PR?TIMER1_INIT?MAIN
            CODE    09DAH     0012H     UNIT         ?PR?MAIN?MAIN
            CODE    09ECH     000EH     UNIT         ?C_INITSEG



OVERLAY MAP OF MODULE:   .\Objects\vfd-test-firmware (?C_STARTUP)


SEGMENT                          DATA_GROUP 
  +--> CALLED SEGMENT          START    LENGTH
----------------------------------------------
?C_C51STARTUP                  -----    -----
  +--> ?PR?MAIN?MAIN
  +--> ?C_INITSEG

?PR?MAIN?MAIN                  -----    -----
  +--> ?PR?TIMER1_INIT?MAIN

*** NEW ROOT ***************************************************

?PR?TIMER1_ISR?MAIN            0011H    0003H
  +--> ?CO?MAIN

BL51 BANKED LINKER/LOCATER V6.22.4.0                                                  09/12/2026  17:52:57  PAGE 2




SYMBOL TABLE OF MODULE:  .\Objects\vfd-test-firmware (?C_STARTUP)

  VALUE           TYPE          NAME
  ----------------------------------

  -------         MODULE        ?C_STARTUP
  C:08BEH         SEGMENT       ?C_C51STARTUP
  I:0014H         SEGMENT       ?STACK
  C:0000H         PUBLIC        ?C_STARTUP
  D:00E0H         SYMBOL        ACC
  D:00F0H         SYMBOL        B
  D:0083H         SYMBOL        DPH
  D:0082H         SYMBOL        DPL
  N:0000H         SYMBOL        IBPSTACK
  N:0100H         SYMBOL        IBPSTACKTOP
  N:0080H         SYMBOL        IDATALEN
  C:08C1H         SYMBOL        IDATALOOP
  N:0000H         SYMBOL        PBPSTACK
  N:0100H         SYMBOL        PBPSTACKTOP
  N:0000H         SYMBOL        PDATALEN
  N:0000H         SYMBOL        PDATASTART
  N:0000H         SYMBOL        PPAGE
  N:0000H         SYMBOL        PPAGEENABLE
  D:00A0H         SYMBOL        PPAGE_SFR
  D:0081H         SYMBOL        SP
  C:08BEH         SYMBOL        STARTUP1
  N:0000H         SYMBOL        XBPSTACK
  N:0000H         SYMBOL        XBPSTACKTOP
  N:0000H         SYMBOL        XDATALEN
  N:0000H         SYMBOL        XDATASTART
  C:0000H         LINE#         126
  C:08BEH         LINE#         133
  C:08C0H         LINE#         134
  C:08C1H         LINE#         135
  C:08C2H         LINE#         136
  C:08C4H         LINE#         185
  C:08C7H         LINE#         196
  -------         ENDMOD        ?C_STARTUP

  -------         MODULE        MAIN
  C:0000H         SYMBOL        _ICE_DUMMY_
  D:0080H         PUBLIC        P0
  D:0090H         PUBLIC        P1
  D:00A0H         PUBLIC        P2
  D:00B0H         PUBLIC        P3
  C:094AH         PUBLIC        timer1_isr
  B:00A8H.7       PUBLIC        EA
  D:00A8H         PUBLIC        IE
  B:0080H.1       PUBLIC        VF_OK
  D:00B8H         PUBLIC        IP
  B:0080H.0       PUBLIC        VF_ON
  D:0008H         PUBLIC        gate
  C:0800H         PUBLIC        font_table
  C:09DAH         PUBLIC        main
  D:0098H         PUBLIC        SCON
BL51 BANKED LINKER/LOCATER V6.22.4.0                                                  09/12/2026  17:52:57  PAGE 3


  D:0089H         PUBLIC        TMOD
  D:0088H         PUBLIC        TCON
  B:00A8H.3       PUBLIC        ET1
  D:008DH         PUBLIC        TH1
  D:008BH         PUBLIC        TL1
  B:0088H.6       PUBLIC        TR1
  D:0009H         PUBLIC        display_buffer
  D:00C8H         PUBLIC        T2CON
  B:0080H.2       PUBLIC        VGP_ON
  C:09C8H         PUBLIC        timer1_init
  D:00D0H         PUBLIC        PSW
  -------         PROC          TIMER1_INIT
  C:09C8H         LINE#         126
  C:09C8H         LINE#         127
  C:09C8H         LINE#         128
  C:09CBH         LINE#         129
  C:09CEH         LINE#         130
  C:09D1H         LINE#         131
  C:09D3H         LINE#         132
  C:09D5H         LINE#         133
  C:09D7H         LINE#         134
  C:09D9H         LINE#         135
  -------         ENDPROC       TIMER1_INIT
  -------         PROC          TIMER1_ISR
  -------         DO            
  D:0011H         SYMBOL        ch
  D:0012H         SYMBOL        display
  -------         ENDDO         
  C:094AH         LINE#         137
  C:0959H         LINE#         139
  C:095CH         LINE#         140
  C:0965H         LINE#         142
  C:0971H         LINE#         143
  C:0979H         LINE#         145
  C:098FH         LINE#         146
  C:0991H         LINE#         147
  C:0994H         LINE#         148
  C:099EH         LINE#         149
  C:09A1H         LINE#         150
  C:09B0H         LINE#         151
  C:09B7H         LINE#         152
  C:09B9H         LINE#         153
  C:09BBH         LINE#         154
  -------         ENDPROC       TIMER1_ISR
  -------         PROC          MAIN
  C:09DAH         LINE#         156
  C:09DAH         LINE#         157
  C:09DAH         LINE#         158
  C:09DDH         LINE#         159
  C:09DFH         LINE#         160
  C:09E1H         LINE#         161
  C:09E3H         LINE#         162
  C:09E5H         LINE#         163
  C:09E8H         LINE#         164
  C:09EAH         LINE#         165
  -------         ENDPROC       MAIN
  -------         ENDMOD        MAIN
BL51 BANKED LINKER/LOCATER V6.22.4.0                                                  09/12/2026  17:52:57  PAGE 4



******************************************************************************
* RESTRICTED VERSION WITH 0800H BYTE CODE SIZE LIMIT; USED: 017FH BYTE (18%) *
******************************************************************************

Program Size: data=21.0 xdata=0 code=512
LINK/LOCATE RUN COMPLETE.  0 WARNING(S),  0 ERROR(S)
