BL51 BANKED LINKER/LOCATER V6.22.4.0                                                    09/13/2026  00:56:00  PAGE 1


BL51 BANKED LINKER/LOCATER V6.22.4.0, INVOKED BY:
C:\KEIL_V5\C51\BIN\BL51.EXE .\Objects\STARTUP.obj, .\Objects\main.obj TO .\Objects\vfd-test-firmware PRINT (.\Listings\v
>> fd-test-firmware.m51) RAMSIZE (256)


MEMORY MODEL: SMALL


INPUT MODULES INCLUDED:
  .\Objects\STARTUP.obj (?C_STARTUP)
  .\Objects\main.obj (MAIN)
  C:\KEIL_V5\C51\LIB\C51S.LIB (?C_INIT)


LINK MAP OF MODULE:  .\Objects\vfd-test-firmware (?C_STARTUP)


            TYPE    BASE      LENGTH    RELOCATION   SEGMENT NAME
            -----------------------------------------------------

            * * * * * * *   D A T A   M E M O R Y   * * * * * * *
            REG     0000H     0008H     ABSOLUTE     "REG BANK 0"
            DATA    0008H     0009H     UNIT         ?DT?MAIN
            DATA    0011H     0003H     UNIT         _DATA_GROUP_
            IDATA   0014H     0001H     UNIT         ?STACK

            * * * * * * *   C O D E   M E M O R Y   * * * * * * *
            CODE    0000H     0003H     ABSOLUTE     
                    0003H     0008H                  *** GAP ***
            CODE    000BH     0003H     ABSOLUTE     
                    000EH     0015H                  *** GAP ***
            CODE    0023H     0003H     ABSOLUTE     
                    0026H     07DAH                  *** GAP ***
            CODE    0800H     00BEH     UNIT         ?CO?MAIN
            CODE    08BEH     008CH     UNIT         ?C_C51STARTUP
            CODE    094AH     007AH     UNIT         ?PR?TIMER0_ISR?MAIN
            CODE    09C4H     0040H     UNIT         ?PR?UART_ISR?MAIN
            CODE    0A04H     0019H     UNIT         ?PR?UART_INIT?MAIN
            CODE    0A1DH     0016H     UNIT         ?PR?MAIN?MAIN
            CODE    0A33H     0012H     UNIT         ?PR?TIMER0_INIT?MAIN
            CODE    0A45H     000EH     UNIT         ?C_INITSEG



OVERLAY MAP OF MODULE:   .\Objects\vfd-test-firmware (?C_STARTUP)


SEGMENT                          DATA_GROUP 
  +--> CALLED SEGMENT          START    LENGTH
----------------------------------------------
?C_C51STARTUP                  -----    -----
  +--> ?PR?MAIN?MAIN
  +--> ?C_INITSEG

?PR?MAIN?MAIN                  -----    -----
  +--> ?PR?TIMER0_INIT?MAIN
  +--> ?PR?UART_INIT?MAIN

BL51 BANKED LINKER/LOCATER V6.22.4.0                                                  09/13/2026  00:56:00  PAGE 2


*** NEW ROOT ***************************************************

?PR?TIMER0_ISR?MAIN            0011H    0003H
  +--> ?CO?MAIN



SYMBOL TABLE OF MODULE:  .\Objects\vfd-test-firmware (?C_STARTUP)

  VALUE           TYPE          NAME
  ----------------------------------

  -------         MODULE        ?C_STARTUP
  C:08BEH         SEGMENT       ?C_C51STARTUP
  I:0014H         SEGMENT       ?STACK
  C:0000H         PUBLIC        ?C_STARTUP
  D:00E0H         SYMBOL        ACC
  D:00F0H         SYMBOL        B
  D:0083H         SYMBOL        DPH
  D:0082H         SYMBOL        DPL
  N:0000H         SYMBOL        IBPSTACK
  N:0100H         SYMBOL        IBPSTACKTOP
  N:0080H         SYMBOL        IDATALEN
  C:08C1H         SYMBOL        IDATALOOP
  N:0000H         SYMBOL        PBPSTACK
  N:0100H         SYMBOL        PBPSTACKTOP
  N:0000H         SYMBOL        PDATALEN
  N:0000H         SYMBOL        PDATASTART
  N:0000H         SYMBOL        PPAGE
  N:0000H         SYMBOL        PPAGEENABLE
  D:00A0H         SYMBOL        PPAGE_SFR
  D:0081H         SYMBOL        SP
  C:08BEH         SYMBOL        STARTUP1
  N:0000H         SYMBOL        XBPSTACK
  N:0000H         SYMBOL        XBPSTACKTOP
  N:0000H         SYMBOL        XDATALEN
  N:0000H         SYMBOL        XDATASTART
  C:0000H         LINE#         126
  C:08BEH         LINE#         133
  C:08C0H         LINE#         134
  C:08C1H         LINE#         135
  C:08C2H         LINE#         136
  C:08C4H         LINE#         185
  C:08C7H         LINE#         196
  -------         ENDMOD        ?C_STARTUP

  -------         MODULE        MAIN
  C:0000H         SYMBOL        _ICE_DUMMY_
  D:0080H         PUBLIC        P0
  D:0090H         PUBLIC        P1
  D:00A0H         PUBLIC        P2
  D:00B0H         PUBLIC        P3
  C:094AH         PUBLIC        timer0_isr
  B:00A8H.7       PUBLIC        EA
  D:00A8H         PUBLIC        IE
  B:0080H.1       PUBLIC        VF_OK
  B:00A8H.4       PUBLIC        ES
BL51 BANKED LINKER/LOCATER V6.22.4.0                                                  09/13/2026  00:56:00  PAGE 3


  D:00B8H         PUBLIC        IP
  B:0080H.0       PUBLIC        VF_ON
  B:0098H.0       PUBLIC        RI
  B:0098H.1       PUBLIC        TI
  D:0008H         PUBLIC        gate
  C:0800H         PUBLIC        font_table
  C:0A1DH         PUBLIC        main
  D:0099H         PUBLIC        SBUF
  D:0087H         PUBLIC        PCON
  D:0098H         PUBLIC        SCON
  D:0089H         PUBLIC        TMOD
  D:0088H         PUBLIC        TCON
  B:00A8H.1       PUBLIC        ET0
  D:008CH         PUBLIC        TH0
  D:008DH         PUBLIC        TH1
  D:008AH         PUBLIC        TL0
  D:008BH         PUBLIC        TL1
  C:0A04H         PUBLIC        uart_init
  B:0088H.4       PUBLIC        TR0
  B:0088H.6       PUBLIC        TR1
  D:0009H         PUBLIC        display_buffer
  D:00C8H         PUBLIC        T2CON
  C:0A33H         PUBLIC        timer0_init
  B:0080H.2       PUBLIC        VGP_ON
  C:09C4H         PUBLIC        uart_isr
  D:00D0H         PUBLIC        PSW
  -------         PROC          TIMER0_INIT
  C:0A33H         LINE#         126
  C:0A33H         LINE#         127
  C:0A33H         LINE#         128
  C:0A36H         LINE#         129
  C:0A39H         LINE#         130
  C:0A3CH         LINE#         131
  C:0A3EH         LINE#         132
  C:0A40H         LINE#         133
  C:0A42H         LINE#         134
  C:0A44H         LINE#         135
  -------         ENDPROC       TIMER0_INIT
  -------         PROC          TIMER0_ISR
  -------         DO            
  D:0011H         SYMBOL        ch
  D:0012H         SYMBOL        display
  -------         ENDDO         
  C:094AH         LINE#         137
  C:0959H         LINE#         139
  C:095CH         LINE#         140
  C:0965H         LINE#         142
  C:0971H         LINE#         143
  C:0979H         LINE#         145
  C:098FH         LINE#         146
  C:0991H         LINE#         147
  C:0994H         LINE#         148
  C:099AH         LINE#         149
  C:099DH         LINE#         150
  C:09ACH         LINE#         151
  C:09B3H         LINE#         152
  C:09B5H         LINE#         153
BL51 BANKED LINKER/LOCATER V6.22.4.0                                                  09/13/2026  00:56:00  PAGE 4


  C:09B7H         LINE#         154
  -------         ENDPROC       TIMER0_ISR
  -------         PROC          UART_INIT
  C:0A04H         LINE#         156
  C:0A04H         LINE#         157
  C:0A04H         LINE#         158
  C:0A07H         LINE#         159
  C:0A0AH         LINE#         160
  C:0A0DH         LINE#         161
  C:0A10H         LINE#         162
  C:0A13H         LINE#         163
  C:0A16H         LINE#         164
  C:0A18H         LINE#         165
  C:0A1AH         LINE#         166
  C:0A1CH         LINE#         167
  -------         ENDPROC       UART_INIT
  -------         PROC          UART_ISR
  -------         DO            
  D:0007H         SYMBOL        ch
  D:0006H         SYMBOL        i
  -------         ENDDO         
  C:09C4H         LINE#         169
  C:09D3H         LINE#         173
  C:09D6H         LINE#         174
  C:09D8H         LINE#         175
  C:09DAH         LINE#         176
  C:09DCH         LINE#         177
  C:09DEH         LINE#         178
  C:09EAH         LINE#         179
  C:09EEH         LINE#         180
  C:09F0H         LINE#         181
  C:09F2H         LINE#         182
  C:09F2H         LINE#         183
  C:09F5H         LINE#         184
  C:09F7H         LINE#         185
  C:09F7H         LINE#         186
  -------         ENDPROC       UART_ISR
  -------         PROC          MAIN
  C:0A1DH         LINE#         188
  C:0A1DH         LINE#         189
  C:0A1DH         LINE#         190
  C:0A20H         LINE#         191
  C:0A22H         LINE#         192
  C:0A24H         LINE#         193
  C:0A27H         LINE#         194
  C:0A29H         LINE#         195
  C:0A2CH         LINE#         196
  C:0A2FH         LINE#         197
  C:0A31H         LINE#         198
  -------         ENDPROC       MAIN
  -------         ENDMOD        MAIN

******************************************************************************
* RESTRICTED VERSION WITH 0800H BYTE CODE SIZE LIMIT; USED: 01DBH BYTE (23%) *
******************************************************************************

Program Size: data=21.0 xdata=0 code=604
BL51 BANKED LINKER/LOCATER V6.22.4.0                                                  09/13/2026  00:56:00  PAGE 5


LINK/LOCATE RUN COMPLETE.  0 WARNING(S),  0 ERROR(S)
